// Jest Snapshot v1, https://goo.gl/fbAQLP

exports[`the ConnectionSuccess component should render correctly 1`] = `
<Fragment>
  <WithStyles(ForwardRef(Container))>
    <div>
      <WithStyles(ForwardRef(Grid))
        className="makeStyles-header-1"
        item={true}
        lg={5}
      >
        <WithStyles(ForwardRef(Typography))
          gutterBottom={true}
          variant="h1"
        >
          Connection success
        </WithStyles(ForwardRef(Typography))>
        <WithStyles(ForwardRef(Typography))
          gutterBottom={true}
          variant="body1"
        >
          All connections to Twilio's servers are working correctly.
        </WithStyles(ForwardRef(Typography))>
      </WithStyles(ForwardRef(Grid))>
      <WithStyles(ForwardRef(Grid))
        className="makeStyles-illustrationContainer-2"
        item={true}
        lg={5}
      >
        <img
          alt="Success"
          className="makeStyles-illustration-3"
          src="test-file-stub"
        />
        <WithStyles(ForwardRef(Button))
          className="makeStyles-viewButton-4"
          onClick={[MockFunction]}
          variant="outlined"
        >
          <ViewIcon />
          View detailed connection information
        </WithStyles(ForwardRef(Button))>
      </WithStyles(ForwardRef(Grid))>
      <WithStyles(ForwardRef(Grid))
        className="makeStyles-okButton-5"
        item={true}
        lg={5}
      >
        <WithStyles(ForwardRef(Button))
          color="primary"
          onClick={[MockFunction]}
          variant="contained"
        >
          Ok
        </WithStyles(ForwardRef(Button))>
      </WithStyles(ForwardRef(Grid))>
    </div>
  </WithStyles(ForwardRef(Container))>
</Fragment>
`;
